// Jest Snapshot v1, https://goo.gl/fbAQLP

exports[`Data source should match snapshot 1`] = `
<div>
  <div>
    <p
      class="MuiTypography-root MuiTypography-body1 makeStyles-heading-5 css-16w2zvr-MuiTypography-root"
    >
      LOP Parts
    </p>
    <div
      class="makeStyles-container-14 MuiBox-root css-0"
    >
      <div
        class="MuiListItemButton-root MuiListItemButton-gutters MuiButtonBase-root css-1jni0wj-MuiButtonBase-root-MuiListItemButton-root"
        role="button"
        tabindex="0"
      >
        <svg
          aria-hidden="true"
          class="MuiSvgIcon-root MuiSvgIcon-fontSizeMedium makeStyles-customIcon-15 css-i4bv87-MuiSvgIcon-root"
          data-testid="ExpandLessRoundedIcon"
          focusable="false"
          viewBox="0 0 24 24"
        >
          <path
            d="M11.29 8.71 6.7 13.3c-.39.39-.39 1.02 0 1.41.39.39 1.02.39 1.41 0L12 10.83l3.88 3.88c.39.39 1.02.39 1.41 0 .39-.39.39-1.02 0-1.41L12.7 8.71c-.38-.39-1.02-.39-1.41 0z"
          />
        </svg>
        <p
          class="MuiTypography-root MuiTypography-body1 css-8guo7j-MuiTypography-root"
        >
          Data sources
        </p>
        <span
          class="MuiTouchRipple-root css-8je8zh-MuiTouchRipple-root"
        />
      </div>
      <div
        class="MuiCollapse-root MuiCollapse-vertical MuiCollapse-entered css-pwcg7p-MuiCollapse-root"
        style="min-height: 0px;"
      >
        <div
          class="MuiCollapse-wrapper MuiCollapse-vertical css-smkl36-MuiCollapse-wrapper"
        >
          <div
            class="MuiCollapse-wrapperInner MuiCollapse-vertical css-9l5vo-MuiCollapse-wrapperInner"
          >
            <div
              class="MuiGrid-root MuiGrid-container css-13z16su-MuiGrid-root"
            >
              <div
                class="MuiGrid-root MuiGrid-item MuiGrid-grid-xs-2 css-dz5dyu-MuiGrid-root"
              >
                <p
                  class="MuiTypography-root MuiTypography-body2 css-tfk0my-MuiTypography-root"
                >
                  Required
                </p>
              </div>
              <div
                class="MuiGrid-root MuiGrid-item MuiGrid-grid-xs-10 css-1196aik-MuiGrid-root"
              />
            </div>
            <div
              class="MuiGrid-root MuiGrid-container css-13z16su-MuiGrid-root"
            >
              <div
                class="MuiGrid-root MuiGrid-item MuiGrid-grid-xs-2 css-dz5dyu-MuiGrid-root"
              >
                <p
                  class="MuiTypography-root MuiTypography-body2 css-tfk0my-MuiTypography-root"
                >
                  Optional
                </p>
              </div>
              <div
                class="MuiGrid-root MuiGrid-item MuiGrid-grid-xs-10 css-1196aik-MuiGrid-root"
              />
            </div>
            <div
              class="MuiGrid-root MuiGrid-container css-13z16su-MuiGrid-root"
            >
              <div
                class="MuiGrid-root MuiGrid-item MuiGrid-grid-xs-2 css-dz5dyu-MuiGrid-root"
              >
                <p
                  class="MuiTypography-root MuiTypography-body2 css-tfk0my-MuiTypography-root"
                >
                  Not Applicable
                </p>
              </div>
              <div
                class="MuiGrid-root MuiGrid-item MuiGrid-grid-xs-10 css-1196aik-MuiGrid-root"
              />
            </div>
          </div>
        </div>
      </div>
      <div
        class="makeStyles-keyword-7 MuiBox-root css-0"
        elevation="10"
      >
        <div
          class="MuiGrid-root MuiGrid-container css-11lq3yg-MuiGrid-root"
          elevation="10"
        >
          <div
            class="MuiGrid-root MuiGrid-item MuiGrid-grid-xs-2 makeStyles-keyword_heading-9 css-nwl7u4-MuiGrid-root"
          >
            <p
              class="MuiTypography-root MuiTypography-body1 makeStyles-keyword_bolts-8 css-16w2zvr-MuiTypography-root"
            >
              LOP
            </p>
          </div>
          <div
            class="MuiGrid-root MuiGrid-item MuiGrid-grid-xs-2 makeStyles-keyword_heading-9 css-nwl7u4-MuiGrid-root"
          >
            <p
              class="MuiTypography-root MuiTypography-body1 makeStyles-keyword_bolts-8 css-16w2zvr-MuiTypography-root"
            >
              Fail Code
            </p>
          </div>
        </div>
        <hr
          class="MuiDivider-root MuiDivider-fullWidth css-9mgopn-MuiDivider-root"
        />
        <div
          class="MuiGrid-root MuiGrid-container css-11lq3yg-MuiGrid-root"
          elevation="10"
        >
          <div
            class="MuiGrid-root MuiGrid-item MuiGrid-grid-xs-2 makeStyles-keyword_heading-9 css-nwl7u4-MuiGrid-root"
          >
            <p
              class="MuiTypography-root MuiTypography-body1 makeStyles-keyword_bolts-8 css-16w2zvr-MuiTypography-root"
            >
              Parts
            </p>
          </div>
        </div>
      </div>
    </div>
  </div>
</div>
`;
